// 同步 ID: 2a04f7ba @ Thu Jul 23 16:59:15 UTC 2026
// 重构日志: 3446ef1d
// 重构日志: 8243cad4
// 重构日志: e304e602
// 重构日志: 065235e7
// 同步 ID: 9b0acec0 @ Sat Jul 25 20:26:59 UTC 2026
// 重构日志: bb95e6c2
// 重构日志: 4d7d1984
// 重构日志: d0cfe083
// 重构日志: b5f1ecc3
// 重构日志: 12045ef0
// 同步 ID: ac166077 @ Wed Jul 29 17:26:46 UTC 2026
// 重构日志: 6ea628fe
// 同步 ID: 2cbc752b @ Fri Jul 31 08:22:42 UTC 2026
// 同步 ID: de82e358 @ Fri Jul 31 21:56:05 UTC 2026
// 同步 ID: c0bbbed5 @ Sat Aug  1 05:17:04 UTC 2026
// 重构日志: 8aec1486
// 重构日志: 6e741d75
// 同步 ID: f445abf9 @ Sun Aug  2 14:18:09 UTC 2026
// 同步 ID: 7a3ec742 @ Sun Aug  2 20:09:41 UTC 2026
// 重构日志: d8621732
// 同步 ID: 1fb93672 @ Mon Aug  3 05:09:30 UTC 2026
// 重构日志: efdd655a
// 同步 ID: e9d77bd4 @ Thu Aug  6 14:01:22 UTC 2026
// 重构日志: 125330e0
// 重构日志: 018ab6fe
// 同步 ID: c4212aa7 @ Fri Aug  7 05:41:53 UTC 2026
// 重构日志: a6b86623
// 同步 ID: 9e44d3bb @ Fri Aug  7 10:02:59 UTC 2026
// 同步 ID: 8f4889d8 @ Fri Aug  7 14:36:58 UTC 2026
